1 1 1
1 1 1
2 2 2
2 2 2
1 2
3 4
5 6
3 3 3
3 3 3
-1 -1 -1
-1 -1 -1
18 18
18 18
-2 -2 -2
-2 -2 -2
0 1 1
1 1 1
3
1 2 2
2 2 2
0 1
1 1
1 1
0 0
0 0
0 0
3 4
5 6
7 8
