1.2 1.2 1.2 1.2
1.2 1.2 1.2 1.2
1.2 1.2 1.2 1.2
1 2 3 4
5 6 7 8
9 10 11 12
1.1 1.1 1.1
1.1 1.1 1.1
1.1 1.1 1.1
1.1 1.1 1.1
2.2 3.2 4.2 5.2
6.2 7.2 8.2 9.2
10.2 11.2 12.2 13.2
16.28 16.28 16.28
33.88 33.88 33.88
51.48 51.48 51.48
1.2 1.2 1.2 1.2
1.2 1.2 1.2 1.2
1.2 1.2 1.2 1.2
-2.2 -3.2 -4.2 -5.2
-6.2 -7.2 -8.2 -9.2
-10.2 -11.2 -12.2 -13.2
1.2 1.2 1.2 1.2
1.2 1.2 0.3 1.2
1.2 1.2 1.2 1.2
1.2 1.2 1.2
1.2 1.2 1.2
1.2 0.3 1.2
1.2 1.2 1.2
1.1 2.2
3.3 4.4
5.5 6.6
7.7 8.8
9.9 1.2
1.3 1.4
1.1 2.2
3.3 100
5.5 6.6
7.7 8.8
9.9 1.2
1.3 1.4
1.1 2.2
3.3 4.4
5.5 6.6
7.7 8.8
9.9 1.2
1.3 1.4
