-1 -1 -1 -1
-1 -1 -1 -1
-1 -1 -1 -1
2 2 2 2
2 2 2 2
2 2 2 2
3 3 3
3 3 3
3 3 3
3 3 3
-3 -2 -1
0 -3 -2
-1 0 -3
-2 -1 0
0 1 2
3 0 1
2 3 0
1 2 3
1 1 1 1
1 1 1 1
1 1 1 1
3 3 3 3
3 3 3 3
3 3 3 3
-12 -12 -12
-12 -12 -12
-12 -12 -12
-12 -12 -12
-12 -12 -12
-12 -12 -12
-24 -24 -24
-24 -24 -24
-24 -24 -24
-3 -3 -3
-3 -3 -3
-3 -3 -3
-3 -3 -3
-3 0 -1 -2
-2 -3 0 -1
-1 -2 -3 0
-18 -15 -12 -9
-18 -15 -12 -9
-18 -15 -12 -9
-18 -15 -12 -9
3
2 2 2 2
2 2 2 2
2 2 1 2
8 8 8 8
8 8 8 8
8 8 8 8
-1 -1 -1 -1
-1 -1 -1 -1
-1 -1 -1 88
-1 -1 -1 -1
-1 -1 -1 -1
-1 -1 -1 -1
