not found
number of elements: 28
found
number of elements: 27
number of elements: 27
number of elements: 27
number of elements: 27
found
number of elements: 27
not found
found
not found
number of elements: 28
number of buckets: 52
number of buckets: 52
found
not found
number of buckets: 52
not found
not found
number of elements: 29
number of buckets: 52
found
number of elements: 28
number of buckets: 52
number of buckets: 52
not found
not found
not found
not found
number of buckets: 52
found
number of elements: 26
not found
not found
not found
number of buckets: 52
number of buckets: 52
not found
not found
found
number of elements: 25
not found
number of buckets: 52
number of elements: 24
not found
number of buckets: 52
number of buckets: 52
not found
number of buckets: 52
not found
number of elements: 23
found
number of buckets: 52
not found
number of buckets: 52
not found
number of elements: 21
number of elements: 20
number of buckets: 52
not found
number of buckets: 52
found
found
number of buckets: 52
found
number of elements: 21
not found
not found
number of elements: 21
not found
number of buckets: 52
not found
number of buckets: 52
not found
number of buckets: 52
not found
not found
not found
number of buckets: 52
not found
number of buckets: 52
not found
number of buckets: 52
number of buckets: 52
number of elements: 19
number of elements: 21
number of elements: 22
number of buckets: 52
number of buckets: 52
number of elements: 22
number of elements: 21
number of buckets: 52
not found
number of elements: 20
number of buckets: 52
number of elements: 18
not found
number of buckets: 52
not found
number of elements: 17
not found
not found
number of buckets: 52
number of elements: 17
number of elements: 18
number of buckets: 52
not found
not found
number of elements: 17
number of elements: 16
number of buckets: 52
number of elements: 13
number of elements: 14
number of buckets: 52
number of elements: 16
number of elements: 13
not found
found
number of buckets: 26
not found
not found
number of elements: 15
not found
number of elements: 16
not found
number of elements: 17
not found
number of elements: 17
not found
found
not found
number of elements: 17
not found
number of buckets: 26
number of buckets: 26
not found
number of buckets: 26
not found
number of elements: 18
number of elements: 17
number of buckets: 26
not found
not found
not found
number of buckets: 26
not found
number of elements: 21
not found
number of buckets: 26
found
number of elements: 20
number of buckets: 26
number of elements: 19
not found
number of elements: 19
number of elements: 19
number of buckets: 26
number of elements: 20
not found
not found
not found
number of buckets: 26
number of elements: 23
number of elements: 24
number of elements: 24
number of elements: 25
not found
not found
not found
not found
found
number of buckets: 52
not found
number of buckets: 52
number of elements: 27
not found
not found
not found
found
not found
not found
number of buckets: 52
number of buckets: 52
not found
number of elements: 28
not found
number of elements: 28
found
not found
not found
number of buckets: 52
number of buckets: 52
not found
not found
number of elements: 31
number of elements: 32
not found
number of elements: 32
number of elements: 35
number of elements: 35
number of buckets: 52
number of buckets: 52
not found
found
not found
number of buckets: 52
